<?xml version="1.0" encoding="UTF-8"?>
<testsuites name="jest tests" tests="4" failures="0" errors="0" time="0.373">
  <testsuite name="getGroupedTimetable" errors="0" failures="0" skipped="0" timestamp="2025-01-16T19:33:31" time="0.281" tests="4">
    <testcase classname="getGroupedTimetable should correctly group and sort timetable entries and exams by date" name="getGroupedTimetable should correctly group and sort timetable entries and exams by date" time="0.004">
    </testcase>
    <testcase classname="generateKey should generate a unique key for a lecture" name="generateKey should generate a unique key for a lecture" time="0.001">
    </testcase>
    <testcase classname="isValidRoom should return true for valid room strings" name="isValidRoom should return true for valid room strings" time="0">
    </testcase>
    <testcase classname="isValidRoom should return false for invalid room strings" name="isValidRoom should return false for invalid room strings" time="0.001">
    </testcase>
  </testsuite>
</testsuites>